Archive member included to satisfy reference by file (symbol)

C:/DevCore/ARMGNU~1/bin/../lib/gcc/arm-none-eabi/14.2.1/thumb/v7-m/nofp\libc_nano.a(libc_a-exit.o)
                              C:/DevCore/ARMGNU~1/bin/../lib/gcc/arm-none-eabi/14.2.1/thumb/v7-m/nofp/crt0.o (exit)
C:/DevCore/ARMGNU~1/bin/../lib/gcc/arm-none-eabi/14.2.1/thumb/v7-m/nofp\libc_nano.a(libc_a-findfp.o)
                              C:/DevCore/ARMGNU~1/bin/../lib/gcc/arm-none-eabi/14.2.1/thumb/v7-m/nofp\libc_nano.a(libc_a-exit.o) (__stdio_exit_handler)
C:/DevCore/ARMGNU~1/bin/../lib/gcc/arm-none-eabi/14.2.1/thumb/v7-m/nofp\libc_nano.a(libc_a-fwalk.o)
                              C:/DevCore/ARMGNU~1/bin/../lib/gcc/arm-none-eabi/14.2.1/thumb/v7-m/nofp\libc_nano.a(libc_a-findfp.o) (_fwalk_sglue)
C:/DevCore/ARMGNU~1/bin/../lib/gcc/arm-none-eabi/14.2.1/thumb/v7-m/nofp\libc_nano.a(libc_a-stdio.o)
                              C:/DevCore/ARMGNU~1/bin/../lib/gcc/arm-none-eabi/14.2.1/thumb/v7-m/nofp\libc_nano.a(libc_a-findfp.o) (__sread)
C:/DevCore/ARMGNU~1/bin/../lib/gcc/arm-none-eabi/14.2.1/thumb/v7-m/nofp\libc_nano.a(libc_a-memset.o)
                              C:/DevCore/ARMGNU~1/bin/../lib/gcc/arm-none-eabi/14.2.1/thumb/v7-m/nofp/crt0.o (memset)
C:/DevCore/ARMGNU~1/bin/../lib/gcc/arm-none-eabi/14.2.1/thumb/v7-m/nofp\libc_nano.a(libc_a-closer.o)
                              C:/DevCore/ARMGNU~1/bin/../lib/gcc/arm-none-eabi/14.2.1/thumb/v7-m/nofp\libc_nano.a(libc_a-stdio.o) (_close_r)
C:/DevCore/ARMGNU~1/bin/../lib/gcc/arm-none-eabi/14.2.1/thumb/v7-m/nofp\libc_nano.a(libc_a-reent.o)
                              C:/DevCore/ARMGNU~1/bin/../lib/gcc/arm-none-eabi/14.2.1/thumb/v7-m/nofp\libc_nano.a(libc_a-closer.o) (errno)
C:/DevCore/ARMGNU~1/bin/../lib/gcc/arm-none-eabi/14.2.1/thumb/v7-m/nofp\libc_nano.a(libc_a-impure.o)
                              C:/DevCore/ARMGNU~1/bin/../lib/gcc/arm-none-eabi/14.2.1/thumb/v7-m/nofp\libc_nano.a(libc_a-reent.o) (_impure_ptr)
C:/DevCore/ARMGNU~1/bin/../lib/gcc/arm-none-eabi/14.2.1/thumb/v7-m/nofp\libc_nano.a(libc_a-lseekr.o)
                              C:/DevCore/ARMGNU~1/bin/../lib/gcc/arm-none-eabi/14.2.1/thumb/v7-m/nofp\libc_nano.a(libc_a-stdio.o) (_lseek_r)
C:/DevCore/ARMGNU~1/bin/../lib/gcc/arm-none-eabi/14.2.1/thumb/v7-m/nofp\libc_nano.a(libc_a-readr.o)
                              C:/DevCore/ARMGNU~1/bin/../lib/gcc/arm-none-eabi/14.2.1/thumb/v7-m/nofp\libc_nano.a(libc_a-stdio.o) (_read_r)
C:/DevCore/ARMGNU~1/bin/../lib/gcc/arm-none-eabi/14.2.1/thumb/v7-m/nofp\libc_nano.a(libc_a-writer.o)
                              C:/DevCore/ARMGNU~1/bin/../lib/gcc/arm-none-eabi/14.2.1/thumb/v7-m/nofp\libc_nano.a(libc_a-stdio.o) (_write_r)
C:/DevCore/ARMGNU~1/bin/../lib/gcc/arm-none-eabi/14.2.1/thumb/v7-m/nofp\libc_nano.a(libc_a-init.o)
                              C:/DevCore/ARMGNU~1/bin/../lib/gcc/arm-none-eabi/14.2.1/thumb/v7-m/nofp/crt0.o (__libc_init_array)
C:/DevCore/ARMGNU~1/bin/../lib/gcc/arm-none-eabi/14.2.1/thumb/v7-m/nofp\libc_nano.a(libc_a-lock.o)
                              C:/DevCore/ARMGNU~1/bin/../lib/gcc/arm-none-eabi/14.2.1/thumb/v7-m/nofp\libc_nano.a(libc_a-findfp.o) (__retarget_lock_init_recursive)
C:/DevCore/ARMGNU~1/bin/../lib/gcc/arm-none-eabi/14.2.1/thumb/v7-m/nofp\libc_nano.a(libc_a-freer.o)
                              C:/DevCore/ARMGNU~1/bin/../lib/gcc/arm-none-eabi/14.2.1/thumb/v7-m/nofp\libc_nano.a(libc_a-reent.o) (_free_r)
C:/DevCore/ARMGNU~1/bin/../lib/gcc/arm-none-eabi/14.2.1/thumb/v7-m/nofp\libc_nano.a(libc_a-mallocr.o)
                              C:/DevCore/ARMGNU~1/bin/../lib/gcc/arm-none-eabi/14.2.1/thumb/v7-m/nofp\libc_nano.a(libc_a-findfp.o) (_malloc_r)
C:/DevCore/ARMGNU~1/bin/../lib/gcc/arm-none-eabi/14.2.1/thumb/v7-m/nofp\libc_nano.a(libc_a-mlock.o)
                              C:/DevCore/ARMGNU~1/bin/../lib/gcc/arm-none-eabi/14.2.1/thumb/v7-m/nofp\libc_nano.a(libc_a-freer.o) (__malloc_lock)
C:/DevCore/ARMGNU~1/bin/../lib/gcc/arm-none-eabi/14.2.1/thumb/v7-m/nofp\libc_nano.a(libc_a-fflush.o)
                              C:/DevCore/ARMGNU~1/bin/../lib/gcc/arm-none-eabi/14.2.1/thumb/v7-m/nofp\libc_nano.a(libc_a-findfp.o) (_fflush_r)
C:/DevCore/ARMGNU~1/bin/../lib/gcc/arm-none-eabi/14.2.1/thumb/v7-m/nofp\libc_nano.a(libc_a-sbrkr.o)
                              C:/DevCore/ARMGNU~1/bin/../lib/gcc/arm-none-eabi/14.2.1/thumb/v7-m/nofp\libc_nano.a(libc_a-mallocr.o) (_sbrk_r)

Discarded input sections

 .text          0x00000000        0x0 C:/DevCore/ARMGNU~1/bin/../lib/gcc/arm-none-eabi/14.2.1/thumb/v7-m/nofp/crti.o
 .data          0x00000000        0x0 C:/DevCore/ARMGNU~1/bin/../lib/gcc/arm-none-eabi/14.2.1/thumb/v7-m/nofp/crti.o
 .bss           0x00000000        0x0 C:/DevCore/ARMGNU~1/bin/../lib/gcc/arm-none-eabi/14.2.1/thumb/v7-m/nofp/crti.o
 .text          0x00000000        0x0 C:/DevCore/ARMGNU~1/bin/../lib/gcc/arm-none-eabi/14.2.1/thumb/v7-m/nofp/crtbegin.o
[...]
Memory Configuration

Name             Origin             Length             Attributes
RAM              0x20000000         0x00005000         xrw
FLASH            0x08000000         0x00010000         xr
*default*        0x00000000         0xffffffff

Linker script and memory map

LOAD C:/DevCore/ARMGNU~1/bin/../lib/gcc/arm-none-eabi/14.2.1/thumb/v7-m/nofp/crti.o
LOAD C:/DevCore/ARMGNU~1/bin/../lib/gcc/arm-none-eabi/14.2.1/thumb/v7-m/nofp/crtbegin.o
LOAD C:/DevCore/ARMGNU~1/bin/../lib/gcc/arm-none-eabi/14.2.1/thumb/v7-m/nofp/crt0.o
START GROUP
LOAD C:/DevCore/ARMGNU~1/bin/../lib/gcc/arm-none-eabi/14.2.1/thumb/v7-m/nofp\libc_nano.a
LOAD C:/DevCore/ARMGNU~1/bin/../lib/gcc/arm-none-eabi/14.2.1/thumb/v7-m/nofp\libm.a
END GROUP
LOAD CMakeFiles/stm32f103_aht20_baremetal.dir/main.c.obj
LOAD CMakeFiles/stm32f103_aht20_baremetal.dir/stm32f1xx_hal.c.obj
LOAD CMakeFiles/stm32f103_aht20_baremetal.dir/stm32f1xx_hal_gpio.c.obj
LOAD CMakeFiles/stm32f103_aht20_baremetal.dir/stm32f1xx_hal_rcc.c.obj
LOAD CMakeFiles/stm32f103_aht20_baremetal.dir/stm32f1xx_hal_cortex.c.obj
LOAD CMakeFiles/stm32f103_aht20_baremetal.dir/system_stm32f1xx.c.obj
LOAD CMakeFiles/stm32f103_aht20_baremetal.dir/startup_stm32f103xb.s.obj
START GROUP
LOAD C:/DevCore/ARMGNU~1/bin/../lib/gcc/arm-none-eabi/14.2.1/thumb/v7-m/nofp\libgcc.a
LOAD C:/DevCore/ARMGNU~1/bin/../lib/gcc/arm-none-eabi/14.2.1/thumb/v7-m/nofp\libg_nano.a
LOAD C:/DevCore/ARMGNU~1/bin/../lib/gcc/arm-none-eabi/14.2.1/thumb/v7-m/nofp\libc_nano.a
END GROUP
START GROUP
LOAD C:/DevCore/ARMGNU~1/bin/../lib/gcc/arm-none-eabi/14.2.1/thumb/v7-m/nofp\libgcc.a
LOAD C:/DevCore/ARMGNU~1/bin/../lib/gcc/arm-none-eabi/14.2.1/thumb/v7-m/nofp\libc_nano.a
END GROUP
LOAD C:/DevCore/ARMGNU~1/bin/../lib/gcc/arm-none-eabi/14.2.1/thumb/v7-m/nofp/crtend.o
LOAD C:/DevCore/ARMGNU~1/bin/../lib/gcc/arm-none-eabi/14.2.1/thumb/v7-m/nofp/crtn.o
                0x20005000                        _estack = (ORIGIN (RAM) + LENGTH (RAM))
                0x00000200                        _Min_Heap_Size = 0x200
                0x00000400                        _Min_Stack_Size = 0x400

.isr_vector     0x08000000      0x10c
                0x08000000                        . = ALIGN (0x4)
 *(.isr_vector)
 .isr_vector    0x08000000      0x10c CMakeFiles/stm32f103_aht20_baremetal.dir/startup_stm32f103xb.s.obj
                0x08000000                g_pfnVectors
                0x0800010c                        . = ALIGN (0x4)

.text           0x0800010c      0xa14
                0x0800010c                        . = ALIGN (0x4)
 *(.text)
 *(.text*)
 .text.deregister_tm_clones
                0x0800010c       0x1c C:/DevCore/ARMGNU~1/bin/../lib/gcc/arm-none-eabi/14.2.1/thumb/v7-m/nofp/crtbegin.o
 .text.register_tm_clones
                0x08000128       0x24 C:/DevCore/ARMGNU~1/bin/../lib/gcc/arm-none-eabi/14.2.1/thumb/v7-m/nofp/crtbegin.o
 .text.__do_global_dtors_aux
                0x0800014c       0x28 C:/DevCore/ARMGNU~1/bin/../lib/gcc/arm-none-eabi/14.2.1/thumb/v7-m/nofp/crtbegin.o
 .text.frame_dummy
                0x08000174       0x24 C:/DevCore/ARMGNU~1/bin/../lib/gcc/arm-none-eabi/14.2.1/thumb/v7-m/nofp/crtbegin.o
 .text.__libc_init_array
                0x08000198       0x48 C:/DevCore/ARMGNU~1/bin/../lib/gcc/arm-none-eabi/14.2.1/thumb/v7-m/nofp\libc_nano.a(libc_a-init.o)
                0x08000198                __libc_init_array
 .text.SysTick_Handler
                0x080001e0        0xc CMakeFiles/stm32f103_aht20_baremetal.dir/main.c.obj
                0x080001e0                SysTick_Handler
 .text.main     0x080001ec       0x6c CMakeFiles/stm32f103_aht20_baremetal.dir/main.c.obj
                0x080001ec                main
 .text.assert_failed
                0x08000258        0xe CMakeFiles/stm32f103_aht20_baremetal.dir/main.c.obj
                0x08000258                assert_failed
 *fill*         0x08000266        0x2 
 .text.HAL_Init
                0x08000268       0x2c CMakeFiles/stm32f103_aht20_baremetal.dir/stm32f1xx_hal.c.obj
                0x08000268                HAL_Init
 .text.HAL_MspInit
                0x08000294        0xc CMakeFiles/stm32f103_aht20_baremetal.dir/stm32f1xx_hal.c.obj
                0x08000294                HAL_MspInit
 .text.HAL_InitTick
                0x080002a0       0x60 CMakeFiles/stm32f103_aht20_baremetal.dir/stm32f1xx_hal.c.obj
                0x080002a0                HAL_InitTick
 .text.HAL_IncTick
                0x08000300       0x24 CMakeFiles/stm32f103_aht20_baremetal.dir/stm32f1xx_hal.c.obj
                0x08000300                HAL_IncTick
 .text.HAL_GetTick
                0x08000324       0x14 CMakeFiles/stm32f103_aht20_baremetal.dir/stm32f1xx_hal.c.obj
                0x08000324                HAL_GetTick
 .text.HAL_Delay
                0x08000338       0x48 CMakeFiles/stm32f103_aht20_baremetal.dir/stm32f1xx_hal.c.obj
                0x08000338                HAL_Delay
 .text.HAL_GPIO_Init
                0x08000380      0x4dc CMakeFiles/stm32f103_aht20_baremetal.dir/stm32f1xx_hal_gpio.c.obj
                0x08000380                HAL_GPIO_Init
 .text.HAL_GPIO_TogglePin
                0x0800085c       0x44 CMakeFiles/stm32f103_aht20_baremetal.dir/stm32f1xx_hal_gpio.c.obj
                0x0800085c                HAL_GPIO_TogglePin
 .text.__NVIC_SetPriorityGrouping
                0x080008a0       0x48 CMakeFiles/stm32f103_aht20_baremetal.dir/stm32f1xx_hal_cortex.c.obj
 .text.__NVIC_GetPriorityGrouping
                0x080008e8       0x1c CMakeFiles/stm32f103_aht20_baremetal.dir/stm32f1xx_hal_cortex.c.obj
 .text.__NVIC_SetPriority
                0x08000904       0x54 CMakeFiles/stm32f103_aht20_baremetal.dir/stm32f1xx_hal_cortex.c.obj
 .text.NVIC_EncodePriority
                0x08000958       0x64 CMakeFiles/stm32f103_aht20_baremetal.dir/stm32f1xx_hal_cortex.c.obj
 .text.SysTick_Config
                0x080009bc       0x44 CMakeFiles/stm32f103_aht20_baremetal.dir/stm32f1xx_hal_cortex.c.obj
 .text.HAL_NVIC_SetPriorityGrouping
                0x08000a00       0x40 CMakeFiles/stm32f103_aht20_baremetal.dir/stm32f1xx_hal_cortex.c.obj
                0x08000a00                HAL_NVIC_SetPriorityGrouping
 .text.HAL_NVIC_SetPriority
                0x08000a40       0x58 CMakeFiles/stm32f103_aht20_baremetal.dir/stm32f1xx_hal_cortex.c.obj
                0x08000a40                HAL_NVIC_SetPriority
 .text.HAL_SYSTICK_Config
                0x08000a98       0x18 CMakeFiles/stm32f103_aht20_baremetal.dir/stm32f1xx_hal_cortex.c.obj
                0x08000a98                HAL_SYSTICK_Config
 .text.SystemInit
                0x08000ab0        0xc CMakeFiles/stm32f103_aht20_baremetal.dir/system_stm32f1xx.c.obj
                0x08000ab0                SystemInit
 .text.Reset_Handler
                0x08000abc       0x48 CMakeFiles/stm32f103_aht20_baremetal.dir/startup_stm32f103xb.s.obj
                0x08000abc                Reset_Handler
 .text.Default_Handler
                0x08000b04        0x2 CMakeFiles/stm32f103_aht20_baremetal.dir/startup_stm32f103xb.s.obj
                0x08000b04                RTC_Alarm_IRQHandler
                0x08000b04                EXTI2_IRQHandler
                0x08000b04                DebugMon_Handler
                0x08000b04                TIM1_CC_IRQHandler
                0x08000b04                HardFault_Handler
                0x08000b04                PVD_IRQHandler
                0x08000b04                PendSV_Handler
                0x08000b04                NMI_Handler
                0x08000b04                EXTI3_IRQHandler
                0x08000b04                EXTI0_IRQHandler
                0x08000b04                I2C2_EV_IRQHandler
                0x08000b04                UsageFault_Handler
                0x08000b04                ADC1_2_IRQHandler
                0x08000b04                SPI1_IRQHandler
                0x08000b04                TAMPER_IRQHandler
                0x08000b04                DMA1_Channel4_IRQHandler
                0x08000b04                USART3_IRQHandler
                0x08000b04                RTC_IRQHandler
                0x08000b04                DMA1_Channel7_IRQHandler
                0x08000b04                CAN1_RX1_IRQHandler
                0x08000b04                TIM4_IRQHandler
                0x08000b04                I2C1_EV_IRQHandler
                0x08000b04                DMA1_Channel6_IRQHandler
                0x08000b04                TIM3_IRQHandler
                0x08000b04                RCC_IRQHandler
                0x08000b04                TIM1_TRG_COM_IRQHandler
                0x08000b04                DMA1_Channel1_IRQHandler
                0x08000b04                Default_Handler
                0x08000b04                EXTI15_10_IRQHandler
                0x08000b04                EXTI9_5_IRQHandler
                0x08000b04                SPI2_IRQHandler
                0x08000b04                MemManage_Handler
                0x08000b04                SVC_Handler
                0x08000b04                DMA1_Channel5_IRQHandler
                0x08000b04                EXTI4_IRQHandler
                0x08000b04                USB_LP_CAN1_RX0_IRQHandler
                0x08000b04                USB_HP_CAN1_TX_IRQHandler
                0x08000b04                DMA1_Channel3_IRQHandler
                0x08000b04                TIM1_UP_IRQHandler
                0x08000b04                WWDG_IRQHandler
                0x08000b04                TIM2_IRQHandler
                0x08000b04                TIM1_BRK_IRQHandler
                0x08000b04                EXTI1_IRQHandler
                0x08000b04                USART2_IRQHandler
                0x08000b04                I2C2_ER_IRQHandler
                0x08000b04                DMA1_Channel2_IRQHandler
                0x08000b04                CAN1_SCE_IRQHandler
                0x08000b04                FLASH_IRQHandler
                0x08000b04                BusFault_Handler
                0x08000b04                USART1_IRQHandler
                0x08000b04                I2C1_ER_IRQHandler
                0x08000b04                USBWakeUp_IRQHandler
 *(.glue_7)
 .glue_7        0x08000b06        0x0 linker stubs
 *(.glue_7t)
 .glue_7t       0x08000b06        0x0 linker stubs
 *(.eh_frame)
 *fill*         0x08000b06        0x2 
 .eh_frame      0x08000b08        0x0 C:/DevCore/ARMGNU~1/bin/../lib/gcc/arm-none-eabi/14.2.1/thumb/v7-m/nofp/crtbegin.o
 *(.init)
 .init          0x08000b08        0x4 C:/DevCore/ARMGNU~1/bin/../lib/gcc/arm-none-eabi/14.2.1/thumb/v7-m/nofp/crti.o
                0x08000b08                _init
 .init          0x08000b0c        0x8 C:/DevCore/ARMGNU~1/bin/../lib/gcc/arm-none-eabi/14.2.1/thumb/v7-m/nofp/crtn.o
 *(.fini)
 .fini          0x08000b14        0x4 C:/DevCore/ARMGNU~1/bin/../lib/gcc/arm-none-eabi/14.2.1/thumb/v7-m/nofp/crti.o
                0x08000b14                _fini
 .fini          0x08000b18        0x8 C:/DevCore/ARMGNU~1/bin/../lib/gcc/arm-none-eabi/14.2.1/thumb/v7-m/nofp/crtn.o
                0x08000b20                        . = ALIGN (0x4)
                0x08000b20                        _etext = .

.vfp11_veneer   0x08000b20        0x0
 .vfp11_veneer  0x08000b20        0x0 linker stubs

.v4_bx          0x08000b20        0x0
 .v4_bx         0x08000b20        0x0 linker stubs

.iplt           0x08000b20        0x0
 .iplt          0x08000b20        0x0 C:/DevCore/ARMGNU~1/bin/../lib/gcc/arm-none-eabi/14.2.1/thumb/v7-m/nofp/crtbegin.o

.rodata         0x08000b20       0xb0
                0x08000b20                        . = ALIGN (0x4)
 *(.rodata)
 .rodata        0x08000b20       0x56 CMakeFiles/stm32f103_aht20_baremetal.dir/stm32f1xx_hal_gpio.c.obj
 *fill*         0x08000b76        0x2 
 .rodata        0x08000b78       0x58 CMakeFiles/stm32f103_aht20_baremetal.dir/stm32f1xx_hal_cortex.c.obj
 *(.rodata*)
                0x08000bd0                        . = ALIGN (0x4)

.ARM.extab      0x08000bd0        0x0
                0x08000bd0                        . = ALIGN (0x4)
 *(.ARM.extab* .gnu.linkonce.armextab.*)
                0x08000bd0                        . = ALIGN (0x4)

.ARM            0x08000bd0        0x0
                0x08000bd0                        . = ALIGN (0x4)
                0x08000bd0                        __exidx_start = .
 *(.ARM.exidx*)
                0x08000bd0                        __exidx_end = .
                0x08000bd0                        . = ALIGN (0x4)

.preinit_array  0x08000bd0        0x0
                0x08000bd0                        . = ALIGN (0x4)
                0x08000bd0                        PROVIDE (__preinit_array_start = .)
 *(.preinit_array*)
                0x08000bd0                        PROVIDE (__preinit_array_end = .)
                0x08000bd0                        . = ALIGN (0x4)

.init_array     0x08000bd0        0x4
                0x08000bd0                        . = ALIGN (0x4)
                0x08000bd0                        PROVIDE (__init_array_start = .)
 *(SORT_BY_NAME(.init_array.*))
 *(.init_array*)
 .init_array    0x08000bd0        0x4 C:/DevCore/ARMGNU~1/bin/../lib/gcc/arm-none-eabi/14.2.1/thumb/v7-m/nofp/crtbegin.o
                0x08000bd4                        PROVIDE (__init_array_end = .)
                0x08000bd4                        . = ALIGN (0x4)

.fini_array     0x08000bd4        0x4
                0x08000bd4                        . = ALIGN (0x4)
                [!provide]                        PROVIDE (__fini_array_start = .)
 *(SORT_BY_NAME(.fini_array.*))
 *(.fini_array*)
 .fini_array    0x08000bd4        0x4 C:/DevCore/ARMGNU~1/bin/../lib/gcc/arm-none-eabi/14.2.1/thumb/v7-m/nofp/crtbegin.o
                [!provide]                        PROVIDE (__fini_array_end = .)
                0x08000bd8                        . = ALIGN (0x4)
                0x08000bd8                        _sidata = LOADADDR (.data)

.rel.dyn        0x08000bd8        0x0
 .rel.iplt      0x08000bd8        0x0 C:/DevCore/ARMGNU~1/bin/../lib/gcc/arm-none-eabi/14.2.1/thumb/v7-m/nofp/crtbegin.o

.data           0x20000000        0xc load address 0x08000bd8
                0x20000000                        . = ALIGN (0x4)
                0x20000000                        _sdata = .
 *(.data)
 *(.data*)
 .data.uwTickPrio
                0x20000000        0x4 CMakeFiles/stm32f103_aht20_baremetal.dir/stm32f1xx_hal.c.obj
                0x20000000                uwTickPrio
 .data.uwTickFreq
                0x20000004        0x1 CMakeFiles/stm32f103_aht20_baremetal.dir/stm32f1xx_hal.c.obj
                0x20000004                uwTickFreq
 *fill*         0x20000005        0x3 
 .data.SystemCoreClock
                0x20000008        0x4 CMakeFiles/stm32f103_aht20_baremetal.dir/system_stm32f1xx.c.obj
                0x20000008                SystemCoreClock
 *(.RamFunc)
 *(.RamFunc*)
                0x2000000c                        . = ALIGN (0x4)
                0x2000000c                        _edata = .

.tm_clone_table
                0x2000000c        0x0 load address 0x08000be4
 .tm_clone_table
                0x2000000c        0x0 C:/DevCore/ARMGNU~1/bin/../lib/gcc/arm-none-eabi/14.2.1/thumb/v7-m/nofp/crtbegin.o
 .tm_clone_table
                0x2000000c        0x0 C:/DevCore/ARMGNU~1/bin/../lib/gcc/arm-none-eabi/14.2.1/thumb/v7-m/nofp/crtend.o

.igot.plt       0x2000000c        0x0 load address 0x08000be4
 .igot.plt      0x2000000c        0x0 C:/DevCore/ARMGNU~1/bin/../lib/gcc/arm-none-eabi/14.2.1/thumb/v7-m/nofp/crtbegin.o
                0x2000000c                        . = ALIGN (0x4)

.bss            0x2000000c       0x20 load address 0x08000be4
                0x2000000c                        _sbss = .
                0x2000000c                        __bss_start__ = _sbss
 *(.bss)
 *(.bss*)
 .bss.completed.1
                0x2000000c        0x1 C:/DevCore/ARMGNU~1/bin/../lib/gcc/arm-none-eabi/14.2.1/thumb/v7-m/nofp/crtbegin.o
 *fill*         0x2000000d        0x3 
 .bss.object.0  0x20000010       0x18 C:/DevCore/ARMGNU~1/bin/../lib/gcc/arm-none-eabi/14.2.1/thumb/v7-m/nofp/crtbegin.o
 .bss.uwTick    0x20000028        0x4 CMakeFiles/stm32f103_aht20_baremetal.dir/stm32f1xx_hal.c.obj
                0x20000028                uwTick
 *(COMMON)
                0x2000002c                        . = ALIGN (0x4)
                0x2000002c                        _ebss = .
                0x2000002c                        __bss_end__ = _ebss

._user_heap_stack
                0x2000002c      0x604 load address 0x08000be4
                0x20000030                        . = ALIGN (0x8)
 *fill*         0x2000002c        0x4 
                [!provide]                        PROVIDE (end = .)
                [!provide]                        PROVIDE (_end = .)
                0x20000230                        . = (. + _Min_Heap_Size)
 *fill*         0x20000030      0x200 
                0x20000630                        . = (. + _Min_Stack_Size)
 *fill*         0x20000230      0x400 
                0x20000630                        . = ALIGN (0x8)

/DISCARD/
 libc.a(*)
 libm.a(*)
 libgcc.a(*)
OUTPUT(stm32f103_aht20_baremetal.elf elf32-littlearm)
LOAD linker stubs
LOAD C:/DevCore/ARMGNU~1/bin/../lib/gcc/arm-none-eabi/14.2.1/thumb/v7-m/nofp\libc.a
LOAD C:/DevCore/ARMGNU~1/bin/../lib/gcc/arm-none-eabi/14.2.1/thumb/v7-m/nofp\libm.a
LOAD C:/DevCore/ARMGNU~1/bin/../lib/gcc/arm-none-eabi/14.2.1/thumb/v7-m/nofp\libgcc.a

.ARM.attributes
                0x00000000       0x29
 .ARM.attributes
                0x00000000       0x1d C:/DevCore/ARMGNU~1/bin/../lib/gcc/arm-none-eabi/14.2.1/thumb/v7-m/nofp/crti.o
 .ARM.attributes
                0x0000001d       0x2d C:/DevCore/ARMGNU~1/bin/../lib/gcc/arm-none-eabi/14.2.1/thumb/v7-m/nofp/crtbegin.o
 .ARM.attributes
                0x0000004a       0x2d C:/DevCore/ARMGNU~1/bin/../lib/gcc/arm-none-eabi/14.2.1/thumb/v7-m/nofp\libc_nano.a(libc_a-init.o)
 .ARM.attributes
                0x00000077       0x2d CMakeFiles/stm32f103_aht20_baremetal.dir/main.c.obj
 .ARM.attributes
                0x000000a4       0x2d CMakeFiles/stm32f103_aht20_baremetal.dir/stm32f1xx_hal.c.obj
 .ARM.attributes
                0x000000d1       0x2d CMakeFiles/stm32f103_aht20_baremetal.dir/stm32f1xx_hal_gpio.c.obj
 .ARM.attributes
                0x000000fe       0x2d CMakeFiles/stm32f103_aht20_baremetal.dir/stm32f1xx_hal_cortex.c.obj
 .ARM.attributes
                0x0000012b       0x2d CMakeFiles/stm32f103_aht20_baremetal.dir/system_stm32f1xx.c.obj
 .ARM.attributes
                0x00000158       0x21 CMakeFiles/stm32f103_aht20_baremetal.dir/startup_stm32f103xb.s.obj
 .ARM.attributes
                0x00000179       0x2d C:/DevCore/ARMGNU~1/bin/../lib/gcc/arm-none-eabi/14.2.1/thumb/v7-m/nofp/crtend.o
 .ARM.attributes
                0x000001a6       0x1d C:/DevCore/ARMGNU~1/bin/../lib/gcc/arm-none-eabi/14.2.1/thumb/v7-m/nofp/crtn.o

.comment        0x00000000       0x45
 .comment       0x00000000       0x45 CMakeFiles/stm32f103_aht20_baremetal.dir/main.c.obj
                                 0x46 (size before relaxing)
 .comment       0x00000045       0x46 CMakeFiles/stm32f103_aht20_baremetal.dir/stm32f1xx_hal.c.obj
 .comment       0x00000045       0x46 CMakeFiles/stm32f103_aht20_baremetal.dir/stm32f1xx_hal_gpio.c.obj
 .comment       0x00000045       0x46 CMakeFiles/stm32f103_aht20_baremetal.dir/stm32f1xx_hal_cortex.c.obj
 .comment       0x00000045       0x46 CMakeFiles/stm32f103_aht20_baremetal.dir/system_stm32f1xx.c.obj

.debug_frame    0x00000000      0x97c
 .debug_frame   0x00000000       0x2c C:/DevCore/ARMGNU~1/bin/../lib/gcc/arm-none-eabi/14.2.1/thumb/v7-m/nofp\libc_nano.a(libc_a-init.o)
 .debug_frame   0x0000002c       0x68 CMakeFiles/stm32f103_aht20_baremetal.dir/main.c.obj
 .debug_frame   0x00000094      0x334 CMakeFiles/stm32f103_aht20_baremetal.dir/stm32f1xx_hal.c.obj
 .debug_frame   0x000003c8      0x138 CMakeFiles/stm32f103_aht20_baremetal.dir/stm32f1xx_hal_gpio.c.obj
 .debug_frame   0x00000500      0x424 CMakeFiles/stm32f103_aht20_baremetal.dir/stm32f1xx_hal_cortex.c.obj
 .debug_frame   0x00000924       0x58 CMakeFiles/stm32f103_aht20_baremetal.dir/system_stm32f1xx.c.obj

.debug_info     0x00000000     0x1d1a
 .debug_info    0x00000000      0x317 CMakeFiles/stm32f103_aht20_baremetal.dir/main.c.obj
 .debug_info    0x00000317      0x73b CMakeFiles/stm32f103_aht20_baremetal.dir/stm32f1xx_hal.c.obj
 .debug_info    0x00000a52      0x5dc CMakeFiles/stm32f103_aht20_baremetal.dir/stm32f1xx_hal_gpio.c.obj
 .debug_info    0x0000102e      0xaa1 CMakeFiles/stm32f103_aht20_baremetal.dir/stm32f1xx_hal_cortex.c.obj
 .debug_info    0x00001acf      0x21b CMakeFiles/stm32f103_aht20_baremetal.dir/system_stm32f1xx.c.obj
 .debug_info    0x00001cea       0x30 CMakeFiles/stm32f103_aht20_baremetal.dir/startup_stm32f103xb.s.obj

.debug_abbrev   0x00000000      0xa09
 .debug_abbrev  0x00000000      0x1bc CMakeFiles/stm32f103_aht20_baremetal.dir/main.c.obj
 .debug_abbrev  0x000001bc      0x209 CMakeFiles/stm32f103_aht20_baremetal.dir/stm32f1xx_hal.c.obj
 .debug_abbrev  0x000003c5      0x1e7 CMakeFiles/stm32f103_aht20_baremetal.dir/stm32f1xx_hal_gpio.c.obj
 .debug_abbrev  0x000005ac      0x2fa CMakeFiles/stm32f103_aht20_baremetal.dir/stm32f1xx_hal_cortex.c.obj
 .debug_abbrev  0x000008a6      0x13f CMakeFiles/stm32f103_aht20_baremetal.dir/system_stm32f1xx.c.obj
 .debug_abbrev  0x000009e5       0x24 CMakeFiles/stm32f103_aht20_baremetal.dir/startup_stm32f103xb.s.obj

.debug_aranges  0x00000000      0x2b8
 .debug_aranges
                0x00000000       0x30 CMakeFiles/stm32f103_aht20_baremetal.dir/main.c.obj
 .debug_aranges
                0x00000030       0xe0 CMakeFiles/stm32f103_aht20_baremetal.dir/stm32f1xx_hal.c.obj
 .debug_aranges
                0x00000110       0x58 CMakeFiles/stm32f103_aht20_baremetal.dir/stm32f1xx_hal_gpio.c.obj
 .debug_aranges
                0x00000168      0x100 CMakeFiles/stm32f103_aht20_baremetal.dir/stm32f1xx_hal_cortex.c.obj
 .debug_aranges
                0x00000268       0x28 CMakeFiles/stm32f103_aht20_baremetal.dir/system_stm32f1xx.c.obj
 .debug_aranges
                0x00000290       0x28 CMakeFiles/stm32f103_aht20_baremetal.dir/startup_stm32f103xb.s.obj

.debug_rnglists
                0x00000000      0x1f0
 .debug_rnglists
                0x00000000       0x1f CMakeFiles/stm32f103_aht20_baremetal.dir/main.c.obj
 .debug_rnglists
                0x0000001f       0xa3 CMakeFiles/stm32f103_aht20_baremetal.dir/stm32f1xx_hal.c.obj
 .debug_rnglists
                0x000000c2       0x40 CMakeFiles/stm32f103_aht20_baremetal.dir/stm32f1xx_hal_gpio.c.obj
 .debug_rnglists
                0x00000102       0xbb CMakeFiles/stm32f103_aht20_baremetal.dir/stm32f1xx_hal_cortex.c.obj
 .debug_rnglists
                0x000001bd       0x1a CMakeFiles/stm32f103_aht20_baremetal.dir/system_stm32f1xx.c.obj
 .debug_rnglists
                0x000001d7       0x19 CMakeFiles/stm32f103_aht20_baremetal.dir/startup_stm32f103xb.s.obj

.debug_macro    0x00000000    0x153bc
 .debug_macro   0x00000000      0x185 CMakeFiles/stm32f103_aht20_baremetal.dir/main.c.obj
 .debug_macro   0x00000185      0xad2 CMakeFiles/stm32f103_aht20_baremetal.dir/main.c.obj
 .debug_macro   0x00000c57      0x203 CMakeFiles/stm32f103_aht20_baremetal.dir/main.c.obj
 .debug_macro   0x00000e5a       0x2e CMakeFiles/stm32f103_aht20_baremetal.dir/main.c.obj
 .debug_macro   0x00000e88       0x22 CMakeFiles/stm32f103_aht20_baremetal.dir/main.c.obj
 .debug_macro   0x00000eaa       0x22 CMakeFiles/stm32f103_aht20_baremetal.dir/main.c.obj
 .debug_macro   0x00000ecc       0x8e CMakeFiles/stm32f103_aht20_baremetal.dir/main.c.obj
 .debug_macro   0x00000f5a       0x51 CMakeFiles/stm32f103_aht20_baremetal.dir/main.c.obj
 .debug_macro   0x00000fab      0x103 CMakeFiles/stm32f103_aht20_baremetal.dir/main.c.obj
 .debug_macro   0x000010ae       0x6a CMakeFiles/stm32f103_aht20_baremetal.dir/main.c.obj
 .debug_macro   0x00001118      0x1df CMakeFiles/stm32f103_aht20_baremetal.dir/main.c.obj
 .debug_macro   0x000012f7       0x1c CMakeFiles/stm32f103_aht20_baremetal.dir/main.c.obj
 .debug_macro   0x00001313       0x22 CMakeFiles/stm32f103_aht20_baremetal.dir/main.c.obj
 .debug_macro   0x00001335       0xbd CMakeFiles/stm32f103_aht20_baremetal.dir/main.c.obj
 .debug_macro   0x000013f2      0xd23 CMakeFiles/stm32f103_aht20_baremetal.dir/main.c.obj
 .debug_macro   0x00002115     0xe09e CMakeFiles/stm32f103_aht20_baremetal.dir/main.c.obj
 .debug_macro   0x000101b3       0x6d CMakeFiles/stm32f103_aht20_baremetal.dir/main.c.obj
 .debug_macro   0x00010220     0x34a2 CMakeFiles/stm32f103_aht20_baremetal.dir/main.c.obj
 .debug_macro   0x000136c2      0x190 CMakeFiles/stm32f103_aht20_baremetal.dir/main.c.obj
 .debug_macro   0x00013852       0x5c CMakeFiles/stm32f103_aht20_baremetal.dir/main.c.obj
 .debug_macro   0x000138ae      0x5bc CMakeFiles/stm32f103_aht20_baremetal.dir/main.c.obj
 .debug_macro   0x00013e6a      0x289 CMakeFiles/stm32f103_aht20_baremetal.dir/main.c.obj
 .debug_macro   0x000140f3      0x1cb CMakeFiles/stm32f103_aht20_baremetal.dir/main.c.obj
 .debug_macro   0x000142be      0x114 CMakeFiles/stm32f103_aht20_baremetal.dir/main.c.obj
 .debug_macro   0x000143d2      0x1b2 CMakeFiles/stm32f103_aht20_baremetal.dir/main.c.obj
 .debug_macro   0x00014584       0x27 CMakeFiles/stm32f103_aht20_baremetal.dir/main.c.obj
 .debug_macro   0x000145ab      0x136 CMakeFiles/stm32f103_aht20_baremetal.dir/main.c.obj
 .debug_macro   0x000146e1      0x1bc CMakeFiles/stm32f103_aht20_baremetal.dir/main.c.obj
 .debug_macro   0x0001489d       0x34 CMakeFiles/stm32f103_aht20_baremetal.dir/main.c.obj
 .debug_macro   0x000148d1       0x3c CMakeFiles/stm32f103_aht20_baremetal.dir/main.c.obj
 .debug_macro   0x0001490d       0x57 CMakeFiles/stm32f103_aht20_baremetal.dir/main.c.obj
 .debug_macro   0x00014964       0x87 CMakeFiles/stm32f103_aht20_baremetal.dir/main.c.obj
 .debug_macro   0x000149eb      0x240 CMakeFiles/stm32f103_aht20_baremetal.dir/main.c.obj
 .debug_macro   0x00014c2b      0x140 CMakeFiles/stm32f103_aht20_baremetal.dir/main.c.obj
 .debug_macro   0x00014d6b       0x83 CMakeFiles/stm32f103_aht20_baremetal.dir/main.c.obj
 .debug_macro   0x00014dee      0x1a3 CMakeFiles/stm32f103_aht20_baremetal.dir/stm32f1xx_hal.c.obj
 .debug_macro   0x00014f91      0x1ea CMakeFiles/stm32f103_aht20_baremetal.dir/stm32f1xx_hal_gpio.c.obj
 .debug_macro   0x0001517b      0x17f CMakeFiles/stm32f103_aht20_baremetal.dir/stm32f1xx_hal_cortex.c.obj
 .debug_macro   0x000152fa       0xc2 CMakeFiles/stm32f103_aht20_baremetal.dir/system_stm32f1xx.c.obj

.debug_line     0x00000000     0x1f30
 .debug_line    0x00000000      0x422 CMakeFiles/stm32f103_aht20_baremetal.dir/main.c.obj
 .debug_line    0x00000422      0x6a8 CMakeFiles/stm32f103_aht20_baremetal.dir/stm32f1xx_hal.c.obj
 .debug_line    0x00000aca      0x847 CMakeFiles/stm32f103_aht20_baremetal.dir/stm32f1xx_hal_gpio.c.obj
 .debug_line    0x00001311      0x8eb CMakeFiles/stm32f103_aht20_baremetal.dir/stm32f1xx_hal_cortex.c.obj
 .debug_line    0x00001bfc      0x2bc CMakeFiles/stm32f103_aht20_baremetal.dir/system_stm32f1xx.c.obj
 .debug_line    0x00001eb8       0x78 CMakeFiles/stm32f103_aht20_baremetal.dir/startup_stm32f103xb.s.obj

.debug_str      0x00000000    0x7b974
 .debug_str     0x00000000    0x7b974 CMakeFiles/stm32f103_aht20_baremetal.dir/main.c.obj
                              0x7af04 (size before relaxing)
 .debug_str     0x0007b974    0x7b59b CMakeFiles/stm32f103_aht20_baremetal.dir/stm32f1xx_hal.c.obj
 .debug_str     0x0007b974    0x7b1ee CMakeFiles/stm32f103_aht20_baremetal.dir/stm32f1xx_hal_gpio.c.obj
 .debug_str     0x0007b974    0x7b4d5 CMakeFiles/stm32f103_aht20_baremetal.dir/stm32f1xx_hal_cortex.c.obj
 .debug_str     0x0007b974    0x54780 CMakeFiles/stm32f103_aht20_baremetal.dir/system_stm32f1xx.c.obj
 .debug_str     0x0007b974       0xba CMakeFiles/stm32f103_aht20_baremetal.dir/startup_stm32f103xb.s.obj

.debug_line_str
                0x00000000       0x9e
 .debug_line_str
                0x00000000       0x9e CMakeFiles/stm32f103_aht20_baremetal.dir/startup_stm32f103xb.s.obj
